
> pannello-admin-prenotazioni@1.0.0 build
> npm run build --workspaces


> frontend@0.0.0 build
> tsc -b && vite build

[36mvite v7.3.1 [32mbuilding client environment for production...[36m[39m
transforming...
